Archive member included to satisfy reference by file (symbol)

c:/progra~1/stmicr~1/gcc-ar~1/bin/../lib/gcc/arm-none-eabi/10.3.1/thumb/v6-m/nofp\libgcc.a(_udivsi3.o)
                              CMakeFiles/ST-HLC.elf.dir/Core/Src/system_stm32g0xx.c.obj (__aeabi_uidiv)
c:/progra~1/stmicr~1/gcc-ar~1/bin/../lib/gcc/arm-none-eabi/10.3.1/thumb/v6-m/nofp\libgcc.a(_dvmd_tls.o)
                              c:/progra~1/stmicr~1/gcc-ar~1/bin/../lib/gcc/arm-none-eabi/10.3.1/thumb/v6-m/nofp\libgcc.a(_udivsi3.o) (__aeabi_idiv0)
c:/progra~1/stmicr~1/gcc-ar~1/bin/../lib/gcc/arm-none-eabi/10.3.1/../../../../arm-none-eabi/lib/thumb/v6-m/nofp\libg.a(lib_a-errno.o)
                              CMakeFiles/ST-HLC.elf.dir/Core/Src/syscalls.c.obj (__errno)
c:/progra~1/stmicr~1/gcc-ar~1/bin/../lib/gcc/arm-none-eabi/10.3.1/../../../../arm-none-eabi/lib/thumb/v6-m/nofp\libg.a(lib_a-exit.o)
                              c:/progra~1/stmicr~1/gcc-ar~1/bin/../lib/gcc/arm-none-eabi/10.3.1/../../../../arm-none-eabi/lib/thumb/v6-m/nofp/crt0.o (exit)
c:/progra~1/stmicr~1/gcc-ar~1/bin/../lib/gcc/arm-none-eabi/10.3.1/../../../../arm-none-eabi/lib/thumb/v6-m/nofp\libg.a(lib_a-impure.o)
                              c:/progra~1/stmicr~1/gcc-ar~1/bin/../lib/gcc/arm-none-eabi/10.3.1/../../../../arm-none-eabi/lib/thumb/v6-m/nofp\libg.a(lib_a-exit.o) (_global_impure_ptr)
c:/progra~1/stmicr~1/gcc-ar~1/bin/../lib/gcc/arm-none-eabi/10.3.1/../../../../arm-none-eabi/lib/thumb/v6-m/nofp\libg.a(lib_a-init.o)
                              c:/progra~1/stmicr~1/gcc-ar~1/bin/../lib/gcc/arm-none-eabi/10.3.1/../../../../arm-none-eabi/lib/thumb/v6-m/nofp/crt0.o (__libc_init_array)
c:/progra~1/stmicr~1/gcc-ar~1/bin/../lib/gcc/arm-none-eabi/10.3.1/../../../../arm-none-eabi/lib/thumb/v6-m/nofp\libg.a(lib_a-memset.o)
                              c:/progra~1/stmicr~1/gcc-ar~1/bin/../lib/gcc/arm-none-eabi/10.3.1/../../../../arm-none-eabi/lib/thumb/v6-m/nofp/crt0.o (memset)
c:/progra~1/stmicr~1/gcc-ar~1/bin/../lib/gcc/arm-none-eabi/10.3.1/../../../../arm-none-eabi/lib/thumb/v6-m/nofp\libg.a(lib_a-__call_atexit.o)
                              c:/progra~1/stmicr~1/gcc-ar~1/bin/../lib/gcc/arm-none-eabi/10.3.1/../../../../arm-none-eabi/lib/thumb/v6-m/nofp\libg.a(lib_a-exit.o) (__call_exitprocs)
c:/progra~1/stmicr~1/gcc-ar~1/bin/../lib/gcc/arm-none-eabi/10.3.1/../../../../arm-none-eabi/lib/thumb/v6-m/nofp\libg.a(lib_a-atexit.o)
                              c:/progra~1/stmicr~1/gcc-ar~1/bin/../lib/gcc/arm-none-eabi/10.3.1/../../../../arm-none-eabi/lib/thumb/v6-m/nofp\libg.a(lib_a-__call_atexit.o) (atexit)
c:/progra~1/stmicr~1/gcc-ar~1/bin/../lib/gcc/arm-none-eabi/10.3.1/../../../../arm-none-eabi/lib/thumb/v6-m/nofp\libg.a(lib_a-fini.o)
                              c:/progra~1/stmicr~1/gcc-ar~1/bin/../lib/gcc/arm-none-eabi/10.3.1/../../../../arm-none-eabi/lib/thumb/v6-m/nofp\libg.a(lib_a-__call_atexit.o) (__libc_fini_array)
c:/progra~1/stmicr~1/gcc-ar~1/bin/../lib/gcc/arm-none-eabi/10.3.1/../../../../arm-none-eabi/lib/thumb/v6-m/nofp\libg.a(lib_a-lock.o)
                              c:/progra~1/stmicr~1/gcc-ar~1/bin/../lib/gcc/arm-none-eabi/10.3.1/../../../../arm-none-eabi/lib/thumb/v6-m/nofp\libg.a(lib_a-__call_atexit.o) (__retarget_lock_acquire_recursive)
c:/progra~1/stmicr~1/gcc-ar~1/bin/../lib/gcc/arm-none-eabi/10.3.1/../../../../arm-none-eabi/lib/thumb/v6-m/nofp\libg.a(lib_a-__atexit.o)
                              c:/progra~1/stmicr~1/gcc-ar~1/bin/../lib/gcc/arm-none-eabi/10.3.1/../../../../arm-none-eabi/lib/thumb/v6-m/nofp\libg.a(lib_a-atexit.o) (__register_exitproc)

Discarded input sections

 .text          0x00000000        0x0 c:/progra~1/stmicr~1/gcc-ar~1/bin/../lib/gcc/arm-none-eabi/10.3.1/thumb/v6-m/nofp/crti.o
 .data          0x00000000        0x0 c:/progra~1/stmicr~1/gcc-ar~1/bin/../lib/gcc/arm-none-eabi/10.3.1/thumb/v6-m/nofp/crti.o
 .bss           0x00000000        0x0 c:/progra~1/stmicr~1/gcc-ar~1/bin/../lib/gcc/arm-none-eabi/10.3.1/thumb/v6-m/nofp/crti.o
 .data          0x00000000        0x4 c:/progra~1/stmicr~1/gcc-ar~1/bin/../lib/gcc/arm-none-eabi/10.3.1/thumb/v6-m/nofp/crtbegin.o
 .rodata        0x00000000       0x24 c:/progra~1/stmicr~1/gcc-ar~1/bin/../lib/gcc/arm-none-eabi/10.3.1/thumb/v6-m/nofp/crtbegin.o
 .text          0x00000000       0x80 c:/progra~1/stmicr~1/gcc-ar~1/bin/../lib/gcc/arm-none-eabi/10.3.1/../../../../arm-none-eabi/lib/thumb/v6-m/nofp/crt0.o
 .data          0x00000000        0x0 c:/progra~1/stmicr~1/gcc-ar~1/bin/../lib/gcc/arm-none-eabi/10.3.1/../../../../arm-none-eabi/lib/thumb/v6-m/nofp/crt0.o
 .bss           0x00000000        0x0 c:/progra~1/stmicr~1/gcc-ar~1/bin/../lib/gcc/arm-none-eabi/10.3.1/../../../../arm-none-eabi/lib/thumb/v6-m/nofp/crt0.o
 .ARM.extab     0x00000000        0x0 c:/progra~1/stmicr~1/gcc-ar~1/bin/../lib/gcc/arm-none-eabi/10.3.1/../../../../arm-none-eabi/lib/thumb/v6-m/nofp/crt0.o
[...]
Memory Configuration

Name             Origin             Length             Attributes
RAM              0x20000000         0x00002000         xrw
FLASH            0x08000000         0x00008000         xr
*default*        0x00000000         0xffffffff

Linker script and memory map

LOAD c:/progra~1/stmicr~1/gcc-ar~1/bin/../lib/gcc/arm-none-eabi/10.3.1/thumb/v6-m/nofp/crti.o
LOAD c:/progra~1/stmicr~1/gcc-ar~1/bin/../lib/gcc/arm-none-eabi/10.3.1/thumb/v6-m/nofp/crtbegin.o
LOAD c:/progra~1/stmicr~1/gcc-ar~1/bin/../lib/gcc/arm-none-eabi/10.3.1/../../../../arm-none-eabi/lib/thumb/v6-m/nofp/crt0.o
LOAD CMakeFiles/ST-HLC.elf.dir/Core/Src/adc.c.obj
LOAD CMakeFiles/ST-HLC.elf.dir/Core/Src/gpio.c.obj
LOAD CMakeFiles/ST-HLC.elf.dir/Core/Src/main.c.obj
LOAD CMakeFiles/ST-HLC.elf.dir/Core/Src/service_main.c.obj
LOAD CMakeFiles/ST-HLC.elf.dir/Core/Src/sg90.c.obj
LOAD CMakeFiles/ST-HLC.elf.dir/Core/Src/stm32g0xx_hal_msp.c.obj
LOAD CMakeFiles/ST-HLC.elf.dir/Core/Src/stm32g0xx_it.c.obj
LOAD CMakeFiles/ST-HLC.elf.dir/Core/Src/syscalls.c.obj
LOAD CMakeFiles/ST-HLC.elf.dir/Core/Src/sysmem.c.obj
LOAD CMakeFiles/ST-HLC.elf.dir/Core/Src/system_stm32g0xx.c.obj
LOAD CMakeFiles/ST-HLC.elf.dir/Core/Src/tim.c.obj
LOAD CMakeFiles/ST-HLC.elf.dir/Core/Startup/startup_stm32g030f6px.s.obj
LOAD CMakeFiles/ST-HLC.elf.dir/Drivers/STM32G0xx_HAL_Driver/Src/stm32g0xx_hal.c.obj
LOAD CMakeFiles/ST-HLC.elf.dir/Drivers/STM32G0xx_HAL_Driver/Src/stm32g0xx_hal_adc.c.obj
LOAD CMakeFiles/ST-HLC.elf.dir/Drivers/STM32G0xx_HAL_Driver/Src/stm32g0xx_hal_adc_ex.c.obj
LOAD CMakeFiles/ST-HLC.elf.dir/Drivers/STM32G0xx_HAL_Driver/Src/stm32g0xx_hal_cortex.c.obj
LOAD CMakeFiles/ST-HLC.elf.dir/Drivers/STM32G0xx_HAL_Driver/Src/stm32g0xx_hal_dma.c.obj
LOAD CMakeFiles/ST-HLC.elf.dir/Drivers/STM32G0xx_HAL_Driver/Src/stm32g0xx_hal_dma_ex.c.obj
LOAD CMakeFiles/ST-HLC.elf.dir/Drivers/STM32G0xx_HAL_Driver/Src/stm32g0xx_hal_exti.c.obj
LOAD CMakeFiles/ST-HLC.elf.dir/Drivers/STM32G0xx_HAL_Driver/Src/stm32g0xx_hal_flash.c.obj
LOAD CMakeFiles/ST-HLC.elf.dir/Drivers/STM32G0xx_HAL_Driver/Src/stm32g0xx_hal_flash_ex.c.obj
LOAD CMakeFiles/ST-HLC.elf.dir/Drivers/STM32G0xx_HAL_Driver/Src/stm32g0xx_hal_gpio.c.obj
LOAD CMakeFiles/ST-HLC.elf.dir/Drivers/STM32G0xx_HAL_Driver/Src/stm32g0xx_hal_pwr.c.obj
LOAD CMakeFiles/ST-HLC.elf.dir/Drivers/STM32G0xx_HAL_Driver/Src/stm32g0xx_hal_pwr_ex.c.obj
LOAD CMakeFiles/ST-HLC.elf.dir/Drivers/STM32G0xx_HAL_Driver/Src/stm32g0xx_hal_rcc.c.obj
LOAD CMakeFiles/ST-HLC.elf.dir/Drivers/STM32G0xx_HAL_Driver/Src/stm32g0xx_hal_rcc_ex.c.obj
LOAD CMakeFiles/ST-HLC.elf.dir/Drivers/STM32G0xx_HAL_Driver/Src/stm32g0xx_hal_tim.c.obj
LOAD CMakeFiles/ST-HLC.elf.dir/Drivers/STM32G0xx_HAL_Driver/Src/stm32g0xx_hal_tim_ex.c.obj
LOAD CMakeFiles/ST-HLC.elf.dir/Drivers/STM32G0xx_HAL_Driver/Src/stm32g0xx_ll_adc.c.obj
LOAD CMakeFiles/ST-HLC.elf.dir/Drivers/STM32G0xx_HAL_Driver/Src/stm32g0xx_ll_dma.c.obj
LOAD CMakeFiles/ST-HLC.elf.dir/Drivers/STM32G0xx_HAL_Driver/Src/stm32g0xx_ll_rcc.c.obj
START GROUP
LOAD c:/progra~1/stmicr~1/gcc-ar~1/bin/../lib/gcc/arm-none-eabi/10.3.1/thumb/v6-m/nofp\libgcc.a
LOAD c:/progra~1/stmicr~1/gcc-ar~1/bin/../lib/gcc/arm-none-eabi/10.3.1/../../../../arm-none-eabi/lib/thumb/v6-m/nofp\libg.a
LOAD c:/progra~1/stmicr~1/gcc-ar~1/bin/../lib/gcc/arm-none-eabi/10.3.1/../../../../arm-none-eabi/lib/thumb/v6-m/nofp\libc.a
END GROUP
LOAD c:/progra~1/stmicr~1/gcc-ar~1/bin/../lib/gcc/arm-none-eabi/10.3.1/thumb/v6-m/nofp/crtend.o
LOAD c:/progra~1/stmicr~1/gcc-ar~1/bin/../lib/gcc/arm-none-eabi/10.3.1/thumb/v6-m/nofp/crtn.o
                0x20002000                _estack = (ORIGIN (RAM) + LENGTH (RAM))
                0x00000200                _Min_Heap_Size = 0x200
                0x00000400                _Min_Stack_Size = 0x400

.isr_vector     0x08000000       0xb8
                0x08000000                . = ALIGN (0x4)
 *(.isr_vector)
 .isr_vector    0x08000000       0xb8 CMakeFiles/ST-HLC.elf.dir/Core/Startup/startup_stm32g030f6px.s.obj
                0x08000000                g_pfnVectors
                0x080000b8                . = ALIGN (0x4)

.text           0x080000b8     0x2070
                0x080000b8                . = ALIGN (0x4)
 *(.text)
 .text          0x080000b8       0x48 c:/progra~1/stmicr~1/gcc-ar~1/bin/../lib/gcc/arm-none-eabi/10.3.1/thumb/v6-m/nofp/crtbegin.o
 .text          0x08000100      0x114 c:/progra~1/stmicr~1/gcc-ar~1/bin/../lib/gcc/arm-none-eabi/10.3.1/thumb/v6-m/nofp\libgcc.a(_udivsi3.o)
                0x08000100                __aeabi_uidiv
                0x08000100                __udivsi3
                0x0800020c                __aeabi_uidivmod
 .text          0x08000214        0x4 c:/progra~1/stmicr~1/gcc-ar~1/bin/../lib/gcc/arm-none-eabi/10.3.1/thumb/v6-m/nofp\libgcc.a(_dvmd_tls.o)
                0x08000214                __aeabi_idiv0
                0x08000214                __aeabi_ldiv0
 *(.text*)
 .text.MX_ADC1_Init
                0x08000218       0x80 CMakeFiles/ST-HLC.elf.dir/Core/Src/adc.c.obj
                0x08000218                MX_ADC1_Init
 .text.HAL_ADC_MspInit
                0x08000298       0x5c CMakeFiles/ST-HLC.elf.dir/Core/Src/adc.c.obj
                0x08000298                HAL_ADC_MspInit
 .text.MX_GPIO_Init
                0x080002f4       0xa0 CMakeFiles/ST-HLC.elf.dir/Core/Src/gpio.c.obj
                0x080002f4                MX_GPIO_Init
 .text.Error_Handler
                0x08000394        0x4 CMakeFiles/ST-HLC.elf.dir/Core/Src/main.c.obj
                0x08000394                Error_Handler
 .text.SystemClock_Config
                0x08000398       0x78 CMakeFiles/ST-HLC.elf.dir/Core/Src/main.c.obj
                0x08000398                SystemClock_Config
 .text.main     0x08000410       0x20 CMakeFiles/ST-HLC.elf.dir/Core/Src/main.c.obj
                0x08000410                main
 .text.Main_Init
                0x08000430       0x1c CMakeFiles/ST-HLC.elf.dir/Core/Src/service_main.c.obj
                0x08000430                Main_Init
 .text.handlerSmallLED
                0x0800044c       0x24 CMakeFiles/ST-HLC.elf.dir/Core/Src/service_main.c.obj
                0x0800044c                handlerSmallLED
 .text.handlerLEDGroup
                0x08000470       0x26 CMakeFiles/ST-HLC.elf.dir/Core/Src/service_main.c.obj
                0x08000470                handlerLEDGroup
 *fill*         0x08000496        0x2 
 .text.Main_RUN
                0x08000498       0x38 CMakeFiles/ST-HLC.elf.dir/Core/Src/service_main.c.obj
                0x08000498                Main_RUN
 .text.Paser_IRCode
                0x080004d0       0x9c CMakeFiles/ST-HLC.elf.dir/Core/Src/service_main.c.obj
                0x080004d0                Paser_IRCode
 .text.HAL_TIM_IC_CaptureCallback
                0x0800056c       0x20 CMakeFiles/ST-HLC.elf.dir/Core/Src/service_main.c.obj
                0x0800056c                HAL_TIM_IC_CaptureCallback
 .text.SG90_init
                0x0800058c       0x10 CMakeFiles/ST-HLC.elf.dir/Core/Src/sg90.c.obj
                0x0800058c                SG90_init
 .text.HAL_MspInit
                0x0800059c       0x30 CMakeFiles/ST-HLC.elf.dir/Core/Src/stm32g0xx_hal_msp.c.obj
                0x0800059c                HAL_MspInit
 .text.NMI_Handler
                0x080005cc        0x2 CMakeFiles/ST-HLC.elf.dir/Core/Src/stm32g0xx_it.c.obj
                0x080005cc                NMI_Handler
 .text.HardFault_Handler
                0x080005ce        0x2 CMakeFiles/ST-HLC.elf.dir/Core/Src/stm32g0xx_it.c.obj
                0x080005ce                HardFault_Handler
 .text.SVC_Handler
                0x080005d0        0x2 CMakeFiles/ST-HLC.elf.dir/Core/Src/stm32g0xx_it.c.obj
                0x080005d0                SVC_Handler
 .text.PendSV_Handler
                0x080005d2        0x2 CMakeFiles/ST-HLC.elf.dir/Core/Src/stm32g0xx_it.c.obj
                0x080005d2                PendSV_Handler
 .text.SysTick_Handler
                0x080005d4        0x8 CMakeFiles/ST-HLC.elf.dir/Core/Src/stm32g0xx_it.c.obj
                0x080005d4                SysTick_Handler
 .text.TIM1_BRK_UP_TRG_COM_IRQHandler
                0x080005dc       0x10 CMakeFiles/ST-HLC.elf.dir/Core/Src/stm32g0xx_it.c.obj
                0x080005dc                TIM1_BRK_UP_TRG_COM_IRQHandler
 .text.TIM1_CC_IRQHandler
                0x080005ec       0x10 CMakeFiles/ST-HLC.elf.dir/Core/Src/stm32g0xx_it.c.obj
                0x080005ec                TIM1_CC_IRQHandler
 .text.SystemInit
                0x080005fc        0x2 CMakeFiles/ST-HLC.elf.dir/Core/Src/system_stm32g0xx.c.obj
                0x080005fc                SystemInit
 *fill*         0x080005fe        0x2 
 .text.MX_TIM1_Init
                0x08000600       0xc8 CMakeFiles/ST-HLC.elf.dir/Core/Src/tim.c.obj
                0x08000600                MX_TIM1_Init
 .text.HAL_TIM_Base_MspInit
                0x080006c8       0x84 CMakeFiles/ST-HLC.elf.dir/Core/Src/tim.c.obj
                0x080006c8                HAL_TIM_Base_MspInit
 .text.Reset_Handler
                0x0800074c       0x50 CMakeFiles/ST-HLC.elf.dir/Core/Startup/startup_stm32g030f6px.s.obj
                0x0800074c                Reset_Handler
 .text.Default_Handler
                0x0800079c        0x2 CMakeFiles/ST-HLC.elf.dir/Core/Startup/startup_stm32g030f6px.s.obj
                0x0800079c                I2C1_IRQHandler
                0x0800079c                RTC_TAMP_IRQHandler
                0x0800079c                SPI1_IRQHandler
                0x0800079c                DMA1_Ch4_5_DMAMUX1_OVR_IRQHandler
                0x0800079c                EXTI2_3_IRQHandler
                0x0800079c                ADC1_IRQHandler
                0x0800079c                I2C2_IRQHandler
                0x0800079c                TIM17_IRQHandler
                0x0800079c                TIM16_IRQHandler
                0x0800079c                TIM3_IRQHandler
                0x0800079c                EXTI4_15_IRQHandler
                0x0800079c                RCC_IRQHandler
                0x0800079c                DMA1_Channel1_IRQHandler
                0x0800079c                Default_Handler
                0x0800079c                TIM14_IRQHandler
                0x0800079c                EXTI0_1_IRQHandler
                0x0800079c                SPI2_IRQHandler
                0x0800079c                WWDG_IRQHandler
                0x0800079c                DMA1_Channel2_3_IRQHandler
                0x0800079c                USART2_IRQHandler
                0x0800079c                FLASH_IRQHandler
                0x0800079c                USART1_IRQHandler
 *fill*         0x0800079e        0x2 
 .text.HAL_InitTick
                0x080007a0       0x58 CMakeFiles/ST-HLC.elf.dir/Drivers/STM32G0xx_HAL_Driver/Src/stm32g0xx_hal.c.obj
                0x080007a0                HAL_InitTick
 .text.HAL_Init
                0x080007f8       0x28 CMakeFiles/ST-HLC.elf.dir/Drivers/STM32G0xx_HAL_Driver/Src/stm32g0xx_hal.c.obj
                0x080007f8                HAL_Init
 .text.HAL_IncTick
                0x08000820       0x18 CMakeFiles/ST-HLC.elf.dir/Drivers/STM32G0xx_HAL_Driver/Src/stm32g0xx_hal.c.obj
                0x08000820                HAL_IncTick
 .text.HAL_GetTick
                0x08000838        0xc CMakeFiles/ST-HLC.elf.dir/Drivers/STM32G0xx_HAL_Driver/Src/stm32g0xx_hal.c.obj
                0x08000838                HAL_GetTick
 .text.HAL_Delay
                0x08000844       0x24 CMakeFiles/ST-HLC.elf.dir/Drivers/STM32G0xx_HAL_Driver/Src/stm32g0xx_hal.c.obj
                0x08000844                HAL_Delay
 .text.HAL_ADC_Init
                0x08000868      0x244 CMakeFiles/ST-HLC.elf.dir/Drivers/STM32G0xx_HAL_Driver/Src/stm32g0xx_hal_adc.c.obj
                0x08000868                HAL_ADC_Init
 .text.HAL_ADC_ConfigChannel
                0x08000aac      0x2a0 CMakeFiles/ST-HLC.elf.dir/Drivers/STM32G0xx_HAL_Driver/Src/stm32g0xx_hal_adc.c.obj
                0x08000aac                HAL_ADC_ConfigChannel
 .text.HAL_NVIC_SetPriority
                0x08000d4c       0x60 CMakeFiles/ST-HLC.elf.dir/Drivers/STM32G0xx_HAL_Driver/Src/stm32g0xx_hal_cortex.c.obj
                0x08000d4c                HAL_NVIC_SetPriority
 .text.HAL_NVIC_EnableIRQ
                0x08000dac       0x18 CMakeFiles/ST-HLC.elf.dir/Drivers/STM32G0xx_HAL_Driver/Src/stm32g0xx_hal_cortex.c.obj
                0x08000dac                HAL_NVIC_EnableIRQ
 .text.HAL_SYSTICK_Config
                0x08000dc4       0x38 CMakeFiles/ST-HLC.elf.dir/Drivers/STM32G0xx_HAL_Driver/Src/stm32g0xx_hal_cortex.c.obj
                0x08000dc4                HAL_SYSTICK_Config
 .text.HAL_GPIO_Init
                0x08000dfc      0x178 CMakeFiles/ST-HLC.elf.dir/Drivers/STM32G0xx_HAL_Driver/Src/stm32g0xx_hal_gpio.c.obj
                0x08000dfc                HAL_GPIO_Init
 .text.HAL_GPIO_WritePin
                0x08000f74        0xc CMakeFiles/ST-HLC.elf.dir/Drivers/STM32G0xx_HAL_Driver/Src/stm32g0xx_hal_gpio.c.obj
                0x08000f74                HAL_GPIO_WritePin
 .text.HAL_PWREx_ControlVoltageScaling
                0x08000f80       0x54 CMakeFiles/ST-HLC.elf.dir/Drivers/STM32G0xx_HAL_Driver/Src/stm32g0xx_hal_pwr_ex.c.obj
                0x08000f80                HAL_PWREx_ControlVoltageScaling
 .text.HAL_RCC_OscConfig
                0x08000fd4      0x4a4 CMakeFiles/ST-HLC.elf.dir/Drivers/STM32G0xx_HAL_Driver/Src/stm32g0xx_hal_rcc.c.obj
                0x08000fd4                HAL_RCC_OscConfig
 .text.HAL_RCC_GetSysClockFreq
                0x08001478       0xb8 CMakeFiles/ST-HLC.elf.dir/Drivers/STM32G0xx_HAL_Driver/Src/stm32g0xx_hal_rcc.c.obj
                0x08001478                HAL_RCC_GetSysClockFreq
 .text.HAL_RCC_ClockConfig
                0x08001530      0x18c CMakeFiles/ST-HLC.elf.dir/Drivers/STM32G0xx_HAL_Driver/Src/stm32g0xx_hal_rcc.c.obj
                0x08001530                HAL_RCC_ClockConfig
 .text.TIM_TI1_ConfigInputStage
                0x080016bc       0x22 CMakeFiles/ST-HLC.elf.dir/Drivers/STM32G0xx_HAL_Driver/Src/stm32g0xx_hal_tim.c.obj
 *fill*         0x080016de        0x2 
 .text.TIM_TI2_SetConfig
                0x080016e0       0x38 CMakeFiles/ST-HLC.elf.dir/Drivers/STM32G0xx_HAL_Driver/Src/stm32g0xx_hal_tim.c.obj
 .text.TIM_TI2_ConfigInputStage
                0x08001718       0x28 CMakeFiles/ST-HLC.elf.dir/Drivers/STM32G0xx_HAL_Driver/Src/stm32g0xx_hal_tim.c.obj
 .text.TIM_TI3_SetConfig
                0x08001740       0x3c CMakeFiles/ST-HLC.elf.dir/Drivers/STM32G0xx_HAL_Driver/Src/stm32g0xx_hal_tim.c.obj
 .text.TIM_TI4_SetConfig
                0x0800177c       0x44 CMakeFiles/ST-HLC.elf.dir/Drivers/STM32G0xx_HAL_Driver/Src/stm32g0xx_hal_tim.c.obj
 .text.TIM_ITRx_SetConfig
                0x080017c0       0x14 CMakeFiles/ST-HLC.elf.dir/Drivers/STM32G0xx_HAL_Driver/Src/stm32g0xx_hal_tim.c.obj
 .text.HAL_TIM_IC_MspInit
                0x080017d4        0x2 CMakeFiles/ST-HLC.elf.dir/Drivers/STM32G0xx_HAL_Driver/Src/stm32g0xx_hal_tim.c.obj
                0x080017d4                HAL_TIM_IC_MspInit
 .text.HAL_TIM_ReadCapturedValue
                0x080017d6       0x32 CMakeFiles/ST-HLC.elf.dir/Drivers/STM32G0xx_HAL_Driver/Src/stm32g0xx_hal_tim.c.obj
                0x080017d6                HAL_TIM_ReadCapturedValue
 .text.HAL_TIM_PeriodElapsedCallback
                0x08001808        0x2 CMakeFiles/ST-HLC.elf.dir/Drivers/STM32G0xx_HAL_Driver/Src/stm32g0xx_hal_tim.c.obj
                0x08001808                HAL_TIM_PeriodElapsedCallback
 .text.HAL_TIM_OC_DelayElapsedCallback
                0x0800180a        0x2 CMakeFiles/ST-HLC.elf.dir/Drivers/STM32G0xx_HAL_Driver/Src/stm32g0xx_hal_tim.c.obj
                0x0800180a                HAL_TIM_OC_DelayElapsedCallback
 .text.HAL_TIM_PWM_PulseFinishedCallback
                0x0800180c        0x2 CMakeFiles/ST-HLC.elf.dir/Drivers/STM32G0xx_HAL_Driver/Src/stm32g0xx_hal_tim.c.obj
                0x0800180c                HAL_TIM_PWM_PulseFinishedCallback
 .text.HAL_TIM_TriggerCallback
                0x0800180e        0x2 CMakeFiles/ST-HLC.elf.dir/Drivers/STM32G0xx_HAL_Driver/Src/stm32g0xx_hal_tim.c.obj
                0x0800180e                HAL_TIM_TriggerCallback
 .text.HAL_TIM_IRQHandler
                0x08001810      0x178 CMakeFiles/ST-HLC.elf.dir/Drivers/STM32G0xx_HAL_Driver/Src/stm32g0xx_hal_tim.c.obj
                0x08001810                HAL_TIM_IRQHandler
 .text.TIM_Base_SetConfig
                0x08001988       0x84 CMakeFiles/ST-HLC.elf.dir/Drivers/STM32G0xx_HAL_Driver/Src/stm32g0xx_hal_tim.c.obj
                0x08001988                TIM_Base_SetConfig
 .text.HAL_TIM_Base_Init
                0x08001a0c       0x60 CMakeFiles/ST-HLC.elf.dir/Drivers/STM32G0xx_HAL_Driver/Src/stm32g0xx_hal_tim.c.obj
                0x08001a0c                HAL_TIM_Base_Init
 .text.HAL_TIM_IC_Init
                0x08001a6c       0x60 CMakeFiles/ST-HLC.elf.dir/Drivers/STM32G0xx_HAL_Driver/Src/stm32g0xx_hal_tim.c.obj
                0x08001a6c                HAL_TIM_IC_Init
 .text.TIM_TI1_SetConfig
                0x08001acc       0x4c CMakeFiles/ST-HLC.elf.dir/Drivers/STM32G0xx_HAL_Driver/Src/stm32g0xx_hal_tim.c.obj
                0x08001acc                TIM_TI1_SetConfig
 .text.HAL_TIM_IC_ConfigChannel
                0x08001b18       0xcc CMakeFiles/ST-HLC.elf.dir/Drivers/STM32G0xx_HAL_Driver/Src/stm32g0xx_hal_tim.c.obj
                0x08001b18                HAL_TIM_IC_ConfigChannel
 .text.TIM_ETR_SetConfig
                0x08001be4       0x18 CMakeFiles/ST-HLC.elf.dir/Drivers/STM32G0xx_HAL_Driver/Src/stm32g0xx_hal_tim.c.obj
                0x08001be4                TIM_ETR_SetConfig
 .text.HAL_TIM_ConfigClockSource
                0x08001bfc      0x108 CMakeFiles/ST-HLC.elf.dir/Drivers/STM32G0xx_HAL_Driver/Src/stm32g0xx_hal_tim.c.obj
                0x08001bfc                HAL_TIM_ConfigClockSource
 .text.TIM_CCxChannelCmd
                0x08001d04       0x1a CMakeFiles/ST-HLC.elf.dir/Drivers/STM32G0xx_HAL_Driver/Src/stm32g0xx_hal_tim.c.obj
                0x08001d04                TIM_CCxChannelCmd
 *fill*         0x08001d1e        0x2 
 .text.HAL_TIM_IC_Start_IT
                0x08001d20      0x188 CMakeFiles/ST-HLC.elf.dir/Drivers/STM32G0xx_HAL_Driver/Src/stm32g0xx_hal_tim.c.obj
                0x08001d20                HAL_TIM_IC_Start_IT
 .text.HAL_TIMEx_MasterConfigSynchronization
                0x08001ea8       0x70 CMakeFiles/ST-HLC.elf.dir/Drivers/STM32G0xx_HAL_Driver/Src/stm32g0xx_hal_tim_ex.c.obj
                0x08001ea8                HAL_TIMEx_MasterConfigSynchronization
 .text.HAL_TIMEx_CommutCallback
                0x08001f18        0x2 CMakeFiles/ST-HLC.elf.dir/Drivers/STM32G0xx_HAL_Driver/Src/stm32g0xx_hal_tim_ex.c.obj
                0x08001f18                HAL_TIMEx_CommutCallback
 .text.HAL_TIMEx_BreakCallback
                0x08001f1a        0x2 CMakeFiles/ST-HLC.elf.dir/Drivers/STM32G0xx_HAL_Driver/Src/stm32g0xx_hal_tim_ex.c.obj
                0x08001f1a                HAL_TIMEx_BreakCallback
 .text.HAL_TIMEx_Break2Callback
                0x08001f1c        0x2 CMakeFiles/ST-HLC.elf.dir/Drivers/STM32G0xx_HAL_Driver/Src/stm32g0xx_hal_tim_ex.c.obj
                0x08001f1c                HAL_TIMEx_Break2Callback
 *fill*         0x08001f1e        0x2 
 .text.__libc_init_array
                0x08001f20       0x44 c:/progra~1/stmicr~1/gcc-ar~1/bin/../lib/gcc/arm-none-eabi/10.3.1/../../../../arm-none-eabi/lib/thumb/v6-m/nofp\libg.a(lib_a-init.o)
                0x08001f20                __libc_init_array
 .text.memset   0x08001f64       0xa8 c:/progra~1/stmicr~1/gcc-ar~1/bin/../lib/gcc/arm-none-eabi/10.3.1/../../../../arm-none-eabi/lib/thumb/v6-m/nofp\libg.a(lib_a-memset.o)
                0x08001f64                memset
 .text.startup.register_fini
                0x0800200c       0x18 c:/progra~1/stmicr~1/gcc-ar~1/bin/../lib/gcc/arm-none-eabi/10.3.1/../../../../arm-none-eabi/lib/thumb/v6-m/nofp\libg.a(lib_a-__call_atexit.o)
 .text.atexit   0x08002024       0x10 c:/progra~1/stmicr~1/gcc-ar~1/bin/../lib/gcc/arm-none-eabi/10.3.1/../../../../arm-none-eabi/lib/thumb/v6-m/nofp\libg.a(lib_a-atexit.o)
                0x08002024                atexit
 .text.__libc_fini_array
                0x08002034       0x28 c:/progra~1/stmicr~1/gcc-ar~1/bin/../lib/gcc/arm-none-eabi/10.3.1/../../../../arm-none-eabi/lib/thumb/v6-m/nofp\libg.a(lib_a-fini.o)
                0x08002034                __libc_fini_array
 .text.__retarget_lock_acquire_recursive
                0x0800205c        0x4 c:/progra~1/stmicr~1/gcc-ar~1/bin/../lib/gcc/arm-none-eabi/10.3.1/../../../../arm-none-eabi/lib/thumb/v6-m/nofp\libg.a(lib_a-lock.o)
                0x0800205c                __retarget_lock_acquire_recursive
 .text.__retarget_lock_release_recursive
                0x08002060        0x4 c:/progra~1/stmicr~1/gcc-ar~1/bin/../lib/gcc/arm-none-eabi/10.3.1/../../../../arm-none-eabi/lib/thumb/v6-m/nofp\libg.a(lib_a-lock.o)
                0x08002060                __retarget_lock_release_recursive
 .text.__register_exitproc
                0x08002064       0xac c:/progra~1/stmicr~1/gcc-ar~1/bin/../lib/gcc/arm-none-eabi/10.3.1/../../../../arm-none-eabi/lib/thumb/v6-m/nofp\libg.a(lib_a-__atexit.o)
                0x08002064                __register_exitproc
 *(.glue_7)
 .glue_7        0x08002110        0x0 linker stubs
 *(.glue_7t)
 .glue_7t       0x08002110        0x0 linker stubs
 *(.eh_frame)
 .eh_frame      0x08002110        0x0 c:/progra~1/stmicr~1/gcc-ar~1/bin/../lib/gcc/arm-none-eabi/10.3.1/thumb/v6-m/nofp/crtbegin.o
 *(.init)
 .init          0x08002110        0x4 c:/progra~1/stmicr~1/gcc-ar~1/bin/../lib/gcc/arm-none-eabi/10.3.1/thumb/v6-m/nofp/crti.o
                0x08002110                _init
 .init          0x08002114        0x8 c:/progra~1/stmicr~1/gcc-ar~1/bin/../lib/gcc/arm-none-eabi/10.3.1/thumb/v6-m/nofp/crtn.o
 *(.fini)
 .fini          0x0800211c        0x4 c:/progra~1/stmicr~1/gcc-ar~1/bin/../lib/gcc/arm-none-eabi/10.3.1/thumb/v6-m/nofp/crti.o
                0x0800211c                _fini
 .fini          0x08002120        0x8 c:/progra~1/stmicr~1/gcc-ar~1/bin/../lib/gcc/arm-none-eabi/10.3.1/thumb/v6-m/nofp/crtn.o
                0x08002128                . = ALIGN (0x4)
                0x08002128                _etext = .

.vfp11_veneer   0x08002128        0x0
 .vfp11_veneer  0x08002128        0x0 linker stubs

.v4_bx          0x08002128        0x0
 .v4_bx         0x08002128        0x0 linker stubs

.iplt           0x08002128        0x0
 .iplt          0x08002128        0x0 c:/progra~1/stmicr~1/gcc-ar~1/bin/../lib/gcc/arm-none-eabi/10.3.1/thumb/v6-m/nofp/crtbegin.o

.rodata         0x08002128       0x44
                0x08002128                . = ALIGN (0x4)
 *(.rodata)
 *(.rodata*)
 .rodata.AHBPrescTable
                0x08002128       0x40 CMakeFiles/ST-HLC.elf.dir/Core/Src/system_stm32g0xx.c.obj
                0x08002128                AHBPrescTable
 .rodata._global_impure_ptr
                0x08002168        0x4 c:/progra~1/stmicr~1/gcc-ar~1/bin/../lib/gcc/arm-none-eabi/10.3.1/../../../../arm-none-eabi/lib/thumb/v6-m/nofp\libg.a(lib_a-impure.o)
                0x08002168                _global_impure_ptr
                0x0800216c                . = ALIGN (0x4)

.rel.dyn        0x0800216c        0x0
 .rel.iplt      0x0800216c        0x0 c:/progra~1/stmicr~1/gcc-ar~1/bin/../lib/gcc/arm-none-eabi/10.3.1/thumb/v6-m/nofp/crtbegin.o

.ARM.extab      0x0800216c        0x0
                0x0800216c                . = ALIGN (0x4)
 *(.ARM.extab* .gnu.linkonce.armextab.*)
                0x0800216c                . = ALIGN (0x4)

.ARM            0x0800216c        0x0
                0x0800216c                . = ALIGN (0x4)
                0x0800216c                __exidx_start = .
 *(.ARM.exidx*)
                0x0800216c                __exidx_end = .
                0x0800216c                . = ALIGN (0x4)

.preinit_array  0x0800216c        0x0
                0x0800216c                . = ALIGN (0x4)
                0x0800216c                PROVIDE (__preinit_array_start = .)
 *(.preinit_array*)
                0x0800216c                PROVIDE (__preinit_array_end = .)
                0x0800216c                . = ALIGN (0x4)

.init_array     0x0800216c        0x8
                0x0800216c                . = ALIGN (0x4)
                0x0800216c                PROVIDE (__init_array_start = .)
 *(SORT_BY_NAME(.init_array.*))
 .init_array.00000
                0x0800216c        0x4 c:/progra~1/stmicr~1/gcc-ar~1/bin/../lib/gcc/arm-none-eabi/10.3.1/../../../../arm-none-eabi/lib/thumb/v6-m/nofp\libg.a(lib_a-__call_atexit.o)
 *(.init_array*)
 .init_array    0x08002170        0x4 c:/progra~1/stmicr~1/gcc-ar~1/bin/../lib/gcc/arm-none-eabi/10.3.1/thumb/v6-m/nofp/crtbegin.o
                0x08002174                PROVIDE (__init_array_end = .)
                0x08002174                . = ALIGN (0x4)

.fini_array     0x08002174        0x4
                0x08002174                . = ALIGN (0x4)
                0x08002174                PROVIDE (__fini_array_start = .)
 *(SORT_BY_NAME(.fini_array.*))
 *(.fini_array*)
 .fini_array    0x08002174        0x4 c:/progra~1/stmicr~1/gcc-ar~1/bin/../lib/gcc/arm-none-eabi/10.3.1/thumb/v6-m/nofp/crtbegin.o
                0x08002178                PROVIDE (__fini_array_end = .)
                0x08002178                . = ALIGN (0x4)
                0x08002178                _sidata = LOADADDR (.data)

.data           0x20000000      0x43c load address 0x08002178
                0x20000000                . = ALIGN (0x4)
                0x20000000                _sdata = .
 *(.data)
 *(.data*)
 .data.SystemCoreClock
                0x20000000        0x4 CMakeFiles/ST-HLC.elf.dir/Core/Src/system_stm32g0xx.c.obj
                0x20000000                SystemCoreClock
 .data.uwTickFreq
                0x20000004        0x1 CMakeFiles/ST-HLC.elf.dir/Drivers/STM32G0xx_HAL_Driver/Src/stm32g0xx_hal.c.obj
                0x20000004                uwTickFreq
 *fill*         0x20000005        0x3 
 .data.uwTickPrio
                0x20000008        0x4 CMakeFiles/ST-HLC.elf.dir/Drivers/STM32G0xx_HAL_Driver/Src/stm32g0xx_hal.c.obj
                0x20000008                uwTickPrio
 *fill*         0x2000000c        0x4 
 .data.impure_data
                0x20000010      0x428 c:/progra~1/stmicr~1/gcc-ar~1/bin/../lib/gcc/arm-none-eabi/10.3.1/../../../../arm-none-eabi/lib/thumb/v6-m/nofp\libg.a(lib_a-impure.o)
 .data.__atexit_recursive_mutex
                0x20000438        0x4 c:/progra~1/stmicr~1/gcc-ar~1/bin/../lib/gcc/arm-none-eabi/10.3.1/../../../../arm-none-eabi/lib/thumb/v6-m/nofp\libg.a(lib_a-__call_atexit.o)
                0x20000438                __atexit_recursive_mutex
 *(.RamFunc)
 *(.RamFunc*)
                0x2000043c                . = ALIGN (0x4)
                0x2000043c                _edata = .

.igot.plt       0x2000043c        0x0 load address 0x080025b4
 .igot.plt      0x2000043c        0x0 c:/progra~1/stmicr~1/gcc-ar~1/bin/../lib/gcc/arm-none-eabi/10.3.1/thumb/v6-m/nofp/crtbegin.o
                0x2000043c                . = ALIGN (0x4)

.bss            0x2000043c       0xe4 load address 0x080025b4
                0x2000043c                _sbss = .
                0x2000043c                __bss_start__ = _sbss
 *(.bss)
 .bss           0x2000043c       0x1c c:/progra~1/stmicr~1/gcc-ar~1/bin/../lib/gcc/arm-none-eabi/10.3.1/thumb/v6-m/nofp/crtbegin.o
 *(.bss*)
 .bss.hadc1     0x20000458       0x64 CMakeFiles/ST-HLC.elf.dir/Core/Src/adc.c.obj
                0x20000458                hadc1
 .bss.IRCode    0x200004bc        0x4 CMakeFiles/ST-HLC.elf.dir/Core/Src/service_main.c.obj
                0x200004bc                IRCode
 .bss.IRTimer_Data
                0x200004c0        0x2 CMakeFiles/ST-HLC.elf.dir/Core/Src/service_main.c.obj
                0x200004c0                IRTimer_Data
 .bss.IR_Flag   0x200004c2        0x1 CMakeFiles/ST-HLC.elf.dir/Core/Src/service_main.c.obj
                0x200004c2                IR_Flag
 .bss.IR_LeaderCode
                0x200004c3        0x1 CMakeFiles/ST-HLC.elf.dir/Core/Src/service_main.c.obj
                0x200004c3                IR_LeaderCode
 .bss.i.0       0x200004c4        0x4 CMakeFiles/ST-HLC.elf.dir/Core/Src/service_main.c.obj
 .bss.ledGroupOpenState
                0x200004c8        0x4 CMakeFiles/ST-HLC.elf.dir/Core/Src/service_main.c.obj
                0x200004c8                ledGroupOpenState
 .bss.htim1     0x200004cc       0x4c CMakeFiles/ST-HLC.elf.dir/Core/Src/tim.c.obj
                0x200004cc                htim1
 .bss.uwTick    0x20000518        0x4 CMakeFiles/ST-HLC.elf.dir/Drivers/STM32G0xx_HAL_Driver/Src/stm32g0xx_hal.c.obj
                0x20000518                uwTick
 .bss.__lock___atexit_recursive_mutex
                0x2000051c        0x1 c:/progra~1/stmicr~1/gcc-ar~1/bin/../lib/gcc/arm-none-eabi/10.3.1/../../../../arm-none-eabi/lib/thumb/v6-m/nofp\libg.a(lib_a-lock.o)
                0x2000051c                __lock___atexit_recursive_mutex
 *(COMMON)
                0x20000520                . = ALIGN (0x4)
 *fill*         0x2000051d        0x3 
                0x20000520                _ebss = .
                0x20000520                __bss_end__ = _ebss

._user_heap_stack
                0x20000520      0x600 load address 0x080025b4
                0x20000520                . = ALIGN (0x8)
                [!provide]                PROVIDE (end = .)
                0x20000520                PROVIDE (_end = .)
                0x20000720                . = (. + _Min_Heap_Size)
 *fill*         0x20000520      0x200 
                0x20000b20                . = (. + _Min_Stack_Size)
 *fill*         0x20000720      0x400 
                0x20000b20                . = ALIGN (0x8)

/DISCARD/
 libc.a(*)
 libm.a(*)
 libgcc.a(*)

.ARM.attributes
                0x00000000       0x28
 *(.ARM.attributes)
 .ARM.attributes
                0x00000000       0x1e c:/progra~1/stmicr~1/gcc-ar~1/bin/../lib/gcc/arm-none-eabi/10.3.1/thumb/v6-m/nofp/crti.o
 .ARM.attributes
                0x0000001e       0x2c c:/progra~1/stmicr~1/gcc-ar~1/bin/../lib/gcc/arm-none-eabi/10.3.1/thumb/v6-m/nofp/crtbegin.o
 .ARM.attributes
                0x0000004a       0x2c CMakeFiles/ST-HLC.elf.dir/Core/Src/adc.c.obj
 .ARM.attributes
                0x00000076       0x2c CMakeFiles/ST-HLC.elf.dir/Core/Src/gpio.c.obj
 .ARM.attributes
                0x000000a2       0x2c CMakeFiles/ST-HLC.elf.dir/Core/Src/main.c.obj
 .ARM.attributes
                0x000000ce       0x2c CMakeFiles/ST-HLC.elf.dir/Core/Src/service_main.c.obj
 .ARM.attributes
                0x000000fa       0x2c CMakeFiles/ST-HLC.elf.dir/Core/Src/sg90.c.obj
 .ARM.attributes
                0x00000126       0x2c CMakeFiles/ST-HLC.elf.dir/Core/Src/stm32g0xx_hal_msp.c.obj
 .ARM.attributes
                0x00000152       0x2c CMakeFiles/ST-HLC.elf.dir/Core/Src/stm32g0xx_it.c.obj
 .ARM.attributes
                0x0000017e       0x2c CMakeFiles/ST-HLC.elf.dir/Core/Src/system_stm32g0xx.c.obj
 .ARM.attributes
                0x000001aa       0x2c CMakeFiles/ST-HLC.elf.dir/Core/Src/tim.c.obj
 .ARM.attributes
                0x000001d6       0x22 CMakeFiles/ST-HLC.elf.dir/Core/Startup/startup_stm32g030f6px.s.obj
 .ARM.attributes
                0x000001f8       0x2c CMakeFiles/ST-HLC.elf.dir/Drivers/STM32G0xx_HAL_Driver/Src/stm32g0xx_hal.c.obj
 .ARM.attributes
                0x00000224       0x2c CMakeFiles/ST-HLC.elf.dir/Drivers/STM32G0xx_HAL_Driver/Src/stm32g0xx_hal_adc.c.obj
 .ARM.attributes
                0x00000250       0x2c CMakeFiles/ST-HLC.elf.dir/Drivers/STM32G0xx_HAL_Driver/Src/stm32g0xx_hal_cortex.c.obj
 .ARM.attributes
                0x0000027c       0x2c CMakeFiles/ST-HLC.elf.dir/Drivers/STM32G0xx_HAL_Driver/Src/stm32g0xx_hal_gpio.c.obj
 .ARM.attributes
                0x000002a8       0x2c CMakeFiles/ST-HLC.elf.dir/Drivers/STM32G0xx_HAL_Driver/Src/stm32g0xx_hal_pwr_ex.c.obj
 .ARM.attributes
                0x000002d4       0x2c CMakeFiles/ST-HLC.elf.dir/Drivers/STM32G0xx_HAL_Driver/Src/stm32g0xx_hal_rcc.c.obj
 .ARM.attributes
                0x00000300       0x2c CMakeFiles/ST-HLC.elf.dir/Drivers/STM32G0xx_HAL_Driver/Src/stm32g0xx_hal_tim.c.obj
 .ARM.attributes
                0x0000032c       0x2c CMakeFiles/ST-HLC.elf.dir/Drivers/STM32G0xx_HAL_Driver/Src/stm32g0xx_hal_tim_ex.c.obj
 .ARM.attributes
                0x00000358       0x1e c:/progra~1/stmicr~1/gcc-ar~1/bin/../lib/gcc/arm-none-eabi/10.3.1/thumb/v6-m/nofp\libgcc.a(_udivsi3.o)
 .ARM.attributes
                0x00000376       0x1e c:/progra~1/stmicr~1/gcc-ar~1/bin/../lib/gcc/arm-none-eabi/10.3.1/thumb/v6-m/nofp\libgcc.a(_dvmd_tls.o)
 .ARM.attributes
                0x00000394       0x2c c:/progra~1/stmicr~1/gcc-ar~1/bin/../lib/gcc/arm-none-eabi/10.3.1/../../../../arm-none-eabi/lib/thumb/v6-m/nofp\libg.a(lib_a-impure.o)
 .ARM.attributes
                0x000003c0       0x2c c:/progra~1/stmicr~1/gcc-ar~1/bin/../lib/gcc/arm-none-eabi/10.3.1/../../../../arm-none-eabi/lib/thumb/v6-m/nofp\libg.a(lib_a-init.o)
 .ARM.attributes
                0x000003ec       0x2c c:/progra~1/stmicr~1/gcc-ar~1/bin/../lib/gcc/arm-none-eabi/10.3.1/../../../../arm-none-eabi/lib/thumb/v6-m/nofp\libg.a(lib_a-memset.o)
 .ARM.attributes
                0x00000418       0x2c c:/progra~1/stmicr~1/gcc-ar~1/bin/../lib/gcc/arm-none-eabi/10.3.1/../../../../arm-none-eabi/lib/thumb/v6-m/nofp\libg.a(lib_a-__call_atexit.o)
 .ARM.attributes
                0x00000444       0x2c c:/progra~1/stmicr~1/gcc-ar~1/bin/../lib/gcc/arm-none-eabi/10.3.1/../../../../arm-none-eabi/lib/thumb/v6-m/nofp\libg.a(lib_a-atexit.o)
 .ARM.attributes
                0x00000470       0x2c c:/progra~1/stmicr~1/gcc-ar~1/bin/../lib/gcc/arm-none-eabi/10.3.1/../../../../arm-none-eabi/lib/thumb/v6-m/nofp\libg.a(lib_a-fini.o)
 .ARM.attributes
                0x0000049c       0x2c c:/progra~1/stmicr~1/gcc-ar~1/bin/../lib/gcc/arm-none-eabi/10.3.1/../../../../arm-none-eabi/lib/thumb/v6-m/nofp\libg.a(lib_a-lock.o)
 .ARM.attributes
                0x000004c8       0x2c c:/progra~1/stmicr~1/gcc-ar~1/bin/../lib/gcc/arm-none-eabi/10.3.1/../../../../arm-none-eabi/lib/thumb/v6-m/nofp\libg.a(lib_a-__atexit.o)
 .ARM.attributes
                0x000004f4       0x1e c:/progra~1/stmicr~1/gcc-ar~1/bin/../lib/gcc/arm-none-eabi/10.3.1/thumb/v6-m/nofp/crtn.o
OUTPUT(ST-HLC.elf elf32-littlearm)
LOAD linker stubs
LOAD c:/progra~1/stmicr~1/gcc-ar~1/bin/../lib/gcc/arm-none-eabi/10.3.1/../../../../arm-none-eabi/lib/thumb/v6-m/nofp\libc.a
LOAD c:/progra~1/stmicr~1/gcc-ar~1/bin/../lib/gcc/arm-none-eabi/10.3.1/../../../../arm-none-eabi/lib/thumb/v6-m/nofp\libm.a
LOAD c:/progra~1/stmicr~1/gcc-ar~1/bin/../lib/gcc/arm-none-eabi/10.3.1/thumb/v6-m/nofp\libgcc.a

.debug_info     0x00000000     0xefe9
 .debug_info    0x00000000      0xbea CMakeFiles/ST-HLC.elf.dir/Core/Src/adc.c.obj
 .debug_info    0x00000bea      0x4d7 CMakeFiles/ST-HLC.elf.dir/Core/Src/gpio.c.obj
 .debug_info    0x000010c1      0x40c CMakeFiles/ST-HLC.elf.dir/Core/Src/main.c.obj
 .debug_info    0x000014cd      0xb7c CMakeFiles/ST-HLC.elf.dir/Core/Src/service_main.c.obj
 .debug_info    0x00002049      0x224 CMakeFiles/ST-HLC.elf.dir/Core/Src/sg90.c.obj
 .debug_info    0x0000226d      0x292 CMakeFiles/ST-HLC.elf.dir/Core/Src/stm32g0xx_hal_msp.c.obj
 .debug_info    0x000024ff      0x85d CMakeFiles/ST-HLC.elf.dir/Core/Src/stm32g0xx_it.c.obj
 .debug_info    0x00002d5c      0x38b CMakeFiles/ST-HLC.elf.dir/Core/Src/system_stm32g0xx.c.obj
 .debug_info    0x000030e7      0xf81 CMakeFiles/ST-HLC.elf.dir/Core/Src/tim.c.obj
 .debug_info    0x00004068       0x22 CMakeFiles/ST-HLC.elf.dir/Core/Startup/startup_stm32g030f6px.s.obj
 .debug_info    0x0000408a      0x9cf CMakeFiles/ST-HLC.elf.dir/Drivers/STM32G0xx_HAL_Driver/Src/stm32g0xx_hal.c.obj
 .debug_info    0x00004a59     0x2381 CMakeFiles/ST-HLC.elf.dir/Drivers/STM32G0xx_HAL_Driver/Src/stm32g0xx_hal_adc.c.obj
 .debug_info    0x00006dda      0xa31 CMakeFiles/ST-HLC.elf.dir/Drivers/STM32G0xx_HAL_Driver/Src/stm32g0xx_hal_cortex.c.obj
 .debug_info    0x0000780b      0x62d CMakeFiles/ST-HLC.elf.dir/Drivers/STM32G0xx_HAL_Driver/Src/stm32g0xx_hal_gpio.c.obj
 .debug_info    0x00007e38      0x556 CMakeFiles/ST-HLC.elf.dir/Drivers/STM32G0xx_HAL_Driver/Src/stm32g0xx_hal_pwr_ex.c.obj
 .debug_info    0x0000838e      0xd32 CMakeFiles/ST-HLC.elf.dir/Drivers/STM32G0xx_HAL_Driver/Src/stm32g0xx_hal_rcc.c.obj
 .debug_info    0x000090c0     0x3fe2 CMakeFiles/ST-HLC.elf.dir/Drivers/STM32G0xx_HAL_Driver/Src/stm32g0xx_hal_tim.c.obj
 .debug_info    0x0000d0a2     0x1f47 CMakeFiles/ST-HLC.elf.dir/Drivers/STM32G0xx_HAL_Driver/Src/stm32g0xx_hal_tim_ex.c.obj

.debug_abbrev   0x00000000     0x219a
 .debug_abbrev  0x00000000      0x1fc CMakeFiles/ST-HLC.elf.dir/Core/Src/adc.c.obj
 .debug_abbrev  0x000001fc      0x177 CMakeFiles/ST-HLC.elf.dir/Core/Src/gpio.c.obj
 .debug_abbrev  0x00000373      0x19b CMakeFiles/ST-HLC.elf.dir/Core/Src/main.c.obj
 .debug_abbrev  0x0000050e      0x1fe CMakeFiles/ST-HLC.elf.dir/Core/Src/service_main.c.obj
 .debug_abbrev  0x0000070c      0x137 CMakeFiles/ST-HLC.elf.dir/Core/Src/sg90.c.obj
 .debug_abbrev  0x00000843       0xe9 CMakeFiles/ST-HLC.elf.dir/Core/Src/stm32g0xx_hal_msp.c.obj
 .debug_abbrev  0x0000092c      0x1a2 CMakeFiles/ST-HLC.elf.dir/Core/Src/stm32g0xx_it.c.obj
 .debug_abbrev  0x00000ace      0x142 CMakeFiles/ST-HLC.elf.dir/Core/Src/system_stm32g0xx.c.obj
 .debug_abbrev  0x00000c10      0x218 CMakeFiles/ST-HLC.elf.dir/Core/Src/tim.c.obj
 .debug_abbrev  0x00000e28       0x12 CMakeFiles/ST-HLC.elf.dir/Core/Startup/startup_stm32g030f6px.s.obj
 .debug_abbrev  0x00000e3a      0x29c CMakeFiles/ST-HLC.elf.dir/Drivers/STM32G0xx_HAL_Driver/Src/stm32g0xx_hal.c.obj
 .debug_abbrev  0x000010d6      0x2c8 CMakeFiles/ST-HLC.elf.dir/Drivers/STM32G0xx_HAL_Driver/Src/stm32g0xx_hal_adc.c.obj
 .debug_abbrev  0x0000139e      0x2af CMakeFiles/ST-HLC.elf.dir/Drivers/STM32G0xx_HAL_Driver/Src/stm32g0xx_hal_cortex.c.obj
 .debug_abbrev  0x0000164d      0x1fd CMakeFiles/ST-HLC.elf.dir/Drivers/STM32G0xx_HAL_Driver/Src/stm32g0xx_hal_gpio.c.obj
 .debug_abbrev  0x0000184a      0x1f8 CMakeFiles/ST-HLC.elf.dir/Drivers/STM32G0xx_HAL_Driver/Src/stm32g0xx_hal_pwr_ex.c.obj
 .debug_abbrev  0x00001a42      0x29a CMakeFiles/ST-HLC.elf.dir/Drivers/STM32G0xx_HAL_Driver/Src/stm32g0xx_hal_rcc.c.obj
 .debug_abbrev  0x00001cdc      0x254 CMakeFiles/ST-HLC.elf.dir/Drivers/STM32G0xx_HAL_Driver/Src/stm32g0xx_hal_tim.c.obj
 .debug_abbrev  0x00001f30      0x26a CMakeFiles/ST-HLC.elf.dir/Drivers/STM32G0xx_HAL_Driver/Src/stm32g0xx_hal_tim_ex.c.obj

.debug_loc      0x00000000     0xb2fc
 .debug_loc     0x00000000       0x81 CMakeFiles/ST-HLC.elf.dir/Core/Src/adc.c.obj
 .debug_loc     0x00000081      0x16d CMakeFiles/ST-HLC.elf.dir/Core/Src/service_main.c.obj
 .debug_loc     0x000001ee       0xa9 CMakeFiles/ST-HLC.elf.dir/Core/Src/system_stm32g0xx.c.obj
 .debug_loc     0x00000297       0x81 CMakeFiles/ST-HLC.elf.dir/Core/Src/tim.c.obj
 .debug_loc     0x00000318      0x1bd CMakeFiles/ST-HLC.elf.dir/Drivers/STM32G0xx_HAL_Driver/Src/stm32g0xx_hal.c.obj
 .debug_loc     0x000004d5     0x1a35 CMakeFiles/ST-HLC.elf.dir/Drivers/STM32G0xx_HAL_Driver/Src/stm32g0xx_hal_adc.c.obj
 .debug_loc     0x00001f0a      0x458 CMakeFiles/ST-HLC.elf.dir/Drivers/STM32G0xx_HAL_Driver/Src/stm32g0xx_hal_cortex.c.obj
 .debug_loc     0x00002362      0x3a7 CMakeFiles/ST-HLC.elf.dir/Drivers/STM32G0xx_HAL_Driver/Src/stm32g0xx_hal_gpio.c.obj
 .debug_loc     0x00002709      0x2e0 CMakeFiles/ST-HLC.elf.dir/Drivers/STM32G0xx_HAL_Driver/Src/stm32g0xx_hal_pwr_ex.c.obj
 .debug_loc     0x000029e9      0x717 CMakeFiles/ST-HLC.elf.dir/Drivers/STM32G0xx_HAL_Driver/Src/stm32g0xx_hal_rcc.c.obj
 .debug_loc     0x00003100     0x5880 CMakeFiles/ST-HLC.elf.dir/Drivers/STM32G0xx_HAL_Driver/Src/stm32g0xx_hal_tim.c.obj
 .debug_loc     0x00008980     0x297c CMakeFiles/ST-HLC.elf.dir/Drivers/STM32G0xx_HAL_Driver/Src/stm32g0xx_hal_tim_ex.c.obj

.debug_aranges  0x00000000      0xb78
 .debug_aranges
                0x00000000       0x30 CMakeFiles/ST-HLC.elf.dir/Core/Src/adc.c.obj
 .debug_aranges
                0x00000030       0x20 CMakeFiles/ST-HLC.elf.dir/Core/Src/gpio.c.obj
 .debug_aranges
                0x00000050       0x30 CMakeFiles/ST-HLC.elf.dir/Core/Src/main.c.obj
 .debug_aranges
                0x00000080       0x50 CMakeFiles/ST-HLC.elf.dir/Core/Src/service_main.c.obj
 .debug_aranges
                0x000000d0       0x28 CMakeFiles/ST-HLC.elf.dir/Core/Src/sg90.c.obj
 .debug_aranges
                0x000000f8       0x20 CMakeFiles/ST-HLC.elf.dir/Core/Src/stm32g0xx_hal_msp.c.obj
 .debug_aranges
                0x00000118       0x50 CMakeFiles/ST-HLC.elf.dir/Core/Src/stm32g0xx_it.c.obj
 .debug_aranges
                0x00000168       0x28 CMakeFiles/ST-HLC.elf.dir/Core/Src/system_stm32g0xx.c.obj
 .debug_aranges
                0x00000190       0x30 CMakeFiles/ST-HLC.elf.dir/Core/Src/tim.c.obj
 .debug_aranges
                0x000001c0       0x28 CMakeFiles/ST-HLC.elf.dir/Core/Startup/startup_stm32g030f6px.s.obj
 .debug_aranges
                0x000001e8      0x100 CMakeFiles/ST-HLC.elf.dir/Drivers/STM32G0xx_HAL_Driver/Src/stm32g0xx_hal.c.obj
 .debug_aranges
                0x000002e8       0xf8 CMakeFiles/ST-HLC.elf.dir/Drivers/STM32G0xx_HAL_Driver/Src/stm32g0xx_hal_adc.c.obj
 .debug_aranges
                0x000003e0       0x90 CMakeFiles/ST-HLC.elf.dir/Drivers/STM32G0xx_HAL_Driver/Src/stm32g0xx_hal_cortex.c.obj
 .debug_aranges
                0x00000470       0x60 CMakeFiles/ST-HLC.elf.dir/Drivers/STM32G0xx_HAL_Driver/Src/stm32g0xx_hal_gpio.c.obj
 .debug_aranges
                0x000004d0       0x98 CMakeFiles/ST-HLC.elf.dir/Drivers/STM32G0xx_HAL_Driver/Src/stm32g0xx_hal_pwr_ex.c.obj
 .debug_aranges
                0x00000568       0x98 CMakeFiles/ST-HLC.elf.dir/Drivers/STM32G0xx_HAL_Driver/Src/stm32g0xx_hal_rcc.c.obj
 .debug_aranges
                0x00000600      0x3e0 CMakeFiles/ST-HLC.elf.dir/Drivers/STM32G0xx_HAL_Driver/Src/stm32g0xx_hal_tim.c.obj
 .debug_aranges
                0x000009e0      0x198 CMakeFiles/ST-HLC.elf.dir/Drivers/STM32G0xx_HAL_Driver/Src/stm32g0xx_hal_tim_ex.c.obj

.debug_ranges   0x00000000      0xbd0
 .debug_ranges  0x00000000       0x20 CMakeFiles/ST-HLC.elf.dir/Core/Src/adc.c.obj
 .debug_ranges  0x00000020       0x10 CMakeFiles/ST-HLC.elf.dir/Core/Src/gpio.c.obj
 .debug_ranges  0x00000030       0x20 CMakeFiles/ST-HLC.elf.dir/Core/Src/main.c.obj
 .debug_ranges  0x00000050       0x40 CMakeFiles/ST-HLC.elf.dir/Core/Src/service_main.c.obj
 .debug_ranges  0x00000090       0x18 CMakeFiles/ST-HLC.elf.dir/Core/Src/sg90.c.obj
 .debug_ranges  0x000000a8       0x10 CMakeFiles/ST-HLC.elf.dir/Core/Src/stm32g0xx_hal_msp.c.obj
 .debug_ranges  0x000000b8       0x40 CMakeFiles/ST-HLC.elf.dir/Core/Src/stm32g0xx_it.c.obj
 .debug_ranges  0x000000f8       0x18 CMakeFiles/ST-HLC.elf.dir/Core/Src/system_stm32g0xx.c.obj
 .debug_ranges  0x00000110       0x20 CMakeFiles/ST-HLC.elf.dir/Core/Src/tim.c.obj
 .debug_ranges  0x00000130       0x20 CMakeFiles/ST-HLC.elf.dir/Core/Startup/startup_stm32g030f6px.s.obj
 .debug_ranges  0x00000150       0xf0 CMakeFiles/ST-HLC.elf.dir/Drivers/STM32G0xx_HAL_Driver/Src/stm32g0xx_hal.c.obj
 .debug_ranges  0x00000240      0x1d8 CMakeFiles/ST-HLC.elf.dir/Drivers/STM32G0xx_HAL_Driver/Src/stm32g0xx_hal_adc.c.obj
 .debug_ranges  0x00000418       0xe0 CMakeFiles/ST-HLC.elf.dir/Drivers/STM32G0xx_HAL_Driver/Src/stm32g0xx_hal_cortex.c.obj
 .debug_ranges  0x000004f8       0x50 CMakeFiles/ST-HLC.elf.dir/Drivers/STM32G0xx_HAL_Driver/Src/stm32g0xx_hal_gpio.c.obj
 .debug_ranges  0x00000548       0x88 CMakeFiles/ST-HLC.elf.dir/Drivers/STM32G0xx_HAL_Driver/Src/stm32g0xx_hal_pwr_ex.c.obj
 .debug_ranges  0x000005d0       0xa8 CMakeFiles/ST-HLC.elf.dir/Drivers/STM32G0xx_HAL_Driver/Src/stm32g0xx_hal_rcc.c.obj
 .debug_ranges  0x00000678      0x3d0 CMakeFiles/ST-HLC.elf.dir/Drivers/STM32G0xx_HAL_Driver/Src/stm32g0xx_hal_tim.c.obj
 .debug_ranges  0x00000a48      0x188 CMakeFiles/ST-HLC.elf.dir/Drivers/STM32G0xx_HAL_Driver/Src/stm32g0xx_hal_tim_ex.c.obj

.debug_line     0x00000000     0xc9be
 .debug_line    0x00000000      0x3a7 CMakeFiles/ST-HLC.elf.dir/Core/Src/adc.c.obj
 .debug_line    0x000003a7      0x23c CMakeFiles/ST-HLC.elf.dir/Core/Src/gpio.c.obj
 .debug_line    0x000005e3      0x342 CMakeFiles/ST-HLC.elf.dir/Core/Src/main.c.obj
 .debug_line    0x00000925      0x3c2 CMakeFiles/ST-HLC.elf.dir/Core/Src/service_main.c.obj
 .debug_line    0x00000ce7      0x1c7 CMakeFiles/ST-HLC.elf.dir/Core/Src/sg90.c.obj
 .debug_line    0x00000eae      0x1b5 CMakeFiles/ST-HLC.elf.dir/Core/Src/stm32g0xx_hal_msp.c.obj
 .debug_line    0x00001063      0x2a0 CMakeFiles/ST-HLC.elf.dir/Core/Src/stm32g0xx_it.c.obj
 .debug_line    0x00001303      0x2a3 CMakeFiles/ST-HLC.elf.dir/Core/Src/system_stm32g0xx.c.obj
 .debug_line    0x000015a6      0x3df CMakeFiles/ST-HLC.elf.dir/Core/Src/tim.c.obj
 .debug_line    0x00001985       0xa0 CMakeFiles/ST-HLC.elf.dir/Core/Startup/startup_stm32g030f6px.s.obj
 .debug_line    0x00001a25      0x614 CMakeFiles/ST-HLC.elf.dir/Drivers/STM32G0xx_HAL_Driver/Src/stm32g0xx_hal.c.obj
 .debug_line    0x00002039     0x1964 CMakeFiles/ST-HLC.elf.dir/Drivers/STM32G0xx_HAL_Driver/Src/stm32g0xx_hal_adc.c.obj
 .debug_line    0x0000399d      0x6b2 CMakeFiles/ST-HLC.elf.dir/Drivers/STM32G0xx_HAL_Driver/Src/stm32g0xx_hal_cortex.c.obj
 .debug_line    0x0000404f      0x6c4 CMakeFiles/ST-HLC.elf.dir/Drivers/STM32G0xx_HAL_Driver/Src/stm32g0xx_hal_gpio.c.obj
 .debug_line    0x00004713      0x581 CMakeFiles/ST-HLC.elf.dir/Drivers/STM32G0xx_HAL_Driver/Src/stm32g0xx_hal_pwr_ex.c.obj
 .debug_line    0x00004c94      0xd8c CMakeFiles/ST-HLC.elf.dir/Drivers/STM32G0xx_HAL_Driver/Src/stm32g0xx_hal_rcc.c.obj
 .debug_line    0x00005a20     0x5022 CMakeFiles/ST-HLC.elf.dir/Drivers/STM32G0xx_HAL_Driver/Src/stm32g0xx_hal_tim.c.obj
 .debug_line    0x0000aa42     0x1f7c CMakeFiles/ST-HLC.elf.dir/Drivers/STM32G0xx_HAL_Driver/Src/stm32g0xx_hal_tim_ex.c.obj

.debug_str      0x00000000     0x3de7
 .debug_str     0x00000000      0x889 CMakeFiles/ST-HLC.elf.dir/Core/Src/adc.c.obj
                                0x92f (size before relaxing)
 .debug_str     0x00000889       0x65 CMakeFiles/ST-HLC.elf.dir/Core/Src/gpio.c.obj
                                0x38a (size before relaxing)
 .debug_str     0x000008ee      0x1c5 CMakeFiles/ST-HLC.elf.dir/Core/Src/main.c.obj
                                0x3e5 (size before relaxing)
 .debug_str     0x00000ab3      0x405 CMakeFiles/ST-HLC.elf.dir/Core/Src/service_main.c.obj
                                0x942 (size before relaxing)
 .debug_str     0x00000eb8       0x30 CMakeFiles/ST-HLC.elf.dir/Core/Src/sg90.c.obj
                                0x277 (size before relaxing)
 .debug_str     0x00000ee8       0x43 CMakeFiles/ST-HLC.elf.dir/Core/Src/stm32g0xx_hal_msp.c.obj
                                0x2c1 (size before relaxing)
 .debug_str     0x00000f2b       0xd2 CMakeFiles/ST-HLC.elf.dir/Core/Src/stm32g0xx_it.c.obj
                                0x86b (size before relaxing)
 .debug_str     0x00000ffd       0xb3 CMakeFiles/ST-HLC.elf.dir/Core/Src/system_stm32g0xx.c.obj
                                0x32a (size before relaxing)
 .debug_str     0x000010b0      0x376 CMakeFiles/ST-HLC.elf.dir/Core/Src/tim.c.obj
                                0xd07 (size before relaxing)
 .debug_str     0x00001426       0x4d CMakeFiles/ST-HLC.elf.dir/Core/Startup/startup_stm32g030f6px.s.obj
                                 0x79 (size before relaxing)
 .debug_str     0x00001473      0x3c0 CMakeFiles/ST-HLC.elf.dir/Drivers/STM32G0xx_HAL_Driver/Src/stm32g0xx_hal.c.obj
                                0x86d (size before relaxing)
 .debug_str     0x00001833      0x7f7 CMakeFiles/ST-HLC.elf.dir/Drivers/STM32G0xx_HAL_Driver/Src/stm32g0xx_hal_adc.c.obj
                                0xfde (size before relaxing)
 .debug_str     0x0000202a      0x332 CMakeFiles/ST-HLC.elf.dir/Drivers/STM32G0xx_HAL_Driver/Src/stm32g0xx_hal_cortex.c.obj
                                0x736 (size before relaxing)
 .debug_str     0x0000235c      0x155 CMakeFiles/ST-HLC.elf.dir/Drivers/STM32G0xx_HAL_Driver/Src/stm32g0xx_hal_gpio.c.obj
                                0x43f (size before relaxing)
 .debug_str     0x000024b1      0x2a5 CMakeFiles/ST-HLC.elf.dir/Drivers/STM32G0xx_HAL_Driver/Src/stm32g0xx_hal_pwr_ex.c.obj
                                0x52a (size before relaxing)
 .debug_str     0x00002756      0x207 CMakeFiles/ST-HLC.elf.dir/Drivers/STM32G0xx_HAL_Driver/Src/stm32g0xx_hal_rcc.c.obj
                                0x7a0 (size before relaxing)
 .debug_str     0x0000295d      0xe13 CMakeFiles/ST-HLC.elf.dir/Drivers/STM32G0xx_HAL_Driver/Src/stm32g0xx_hal_tim.c.obj
                               0x17f9 (size before relaxing)
 .debug_str     0x00003770      0x677 CMakeFiles/ST-HLC.elf.dir/Drivers/STM32G0xx_HAL_Driver/Src/stm32g0xx_hal_tim_ex.c.obj
                               0x117a (size before relaxing)

.comment        0x00000000       0x49
 .comment       0x00000000       0x49 CMakeFiles/ST-HLC.elf.dir/Core/Src/adc.c.obj
                                 0x4a (size before relaxing)
 .comment       0x00000049       0x4a CMakeFiles/ST-HLC.elf.dir/Core/Src/gpio.c.obj
 .comment       0x00000049       0x4a CMakeFiles/ST-HLC.elf.dir/Core/Src/main.c.obj
 .comment       0x00000049       0x4a CMakeFiles/ST-HLC.elf.dir/Core/Src/service_main.c.obj
 .comment       0x00000049       0x4a CMakeFiles/ST-HLC.elf.dir/Core/Src/sg90.c.obj
 .comment       0x00000049       0x4a CMakeFiles/ST-HLC.elf.dir/Core/Src/stm32g0xx_hal_msp.c.obj
 .comment       0x00000049       0x4a CMakeFiles/ST-HLC.elf.dir/Core/Src/stm32g0xx_it.c.obj
 .comment       0x00000049       0x4a CMakeFiles/ST-HLC.elf.dir/Core/Src/system_stm32g0xx.c.obj
 .comment       0x00000049       0x4a CMakeFiles/ST-HLC.elf.dir/Core/Src/tim.c.obj
 .comment       0x00000049       0x4a CMakeFiles/ST-HLC.elf.dir/Drivers/STM32G0xx_HAL_Driver/Src/stm32g0xx_hal.c.obj
 .comment       0x00000049       0x4a CMakeFiles/ST-HLC.elf.dir/Drivers/STM32G0xx_HAL_Driver/Src/stm32g0xx_hal_adc.c.obj
 .comment       0x00000049       0x4a CMakeFiles/ST-HLC.elf.dir/Drivers/STM32G0xx_HAL_Driver/Src/stm32g0xx_hal_cortex.c.obj
 .comment       0x00000049       0x4a CMakeFiles/ST-HLC.elf.dir/Drivers/STM32G0xx_HAL_Driver/Src/stm32g0xx_hal_gpio.c.obj
 .comment       0x00000049       0x4a CMakeFiles/ST-HLC.elf.dir/Drivers/STM32G0xx_HAL_Driver/Src/stm32g0xx_hal_pwr_ex.c.obj
 .comment       0x00000049       0x4a CMakeFiles/ST-HLC.elf.dir/Drivers/STM32G0xx_HAL_Driver/Src/stm32g0xx_hal_rcc.c.obj
 .comment       0x00000049       0x4a CMakeFiles/ST-HLC.elf.dir/Drivers/STM32G0xx_HAL_Driver/Src/stm32g0xx_hal_tim.c.obj
 .comment       0x00000049       0x4a CMakeFiles/ST-HLC.elf.dir/Drivers/STM32G0xx_HAL_Driver/Src/stm32g0xx_hal_tim_ex.c.obj

.debug_frame    0x00000000     0x1e20
 .debug_frame   0x00000000       0x5c CMakeFiles/ST-HLC.elf.dir/Core/Src/adc.c.obj
 .debug_frame   0x0000005c       0x30 CMakeFiles/ST-HLC.elf.dir/Core/Src/gpio.c.obj
 .debug_frame   0x0000008c       0x50 CMakeFiles/ST-HLC.elf.dir/Core/Src/main.c.obj
 .debug_frame   0x000000dc       0xb0 CMakeFiles/ST-HLC.elf.dir/Core/Src/service_main.c.obj
 .debug_frame   0x0000018c       0x38 CMakeFiles/ST-HLC.elf.dir/Core/Src/sg90.c.obj
 .debug_frame   0x000001c4       0x24 CMakeFiles/ST-HLC.elf.dir/Core/Src/stm32g0xx_hal_msp.c.obj
 .debug_frame   0x000001e8       0x98 CMakeFiles/ST-HLC.elf.dir/Core/Src/stm32g0xx_it.c.obj
 .debug_frame   0x00000280       0x38 CMakeFiles/ST-HLC.elf.dir/Core/Src/system_stm32g0xx.c.obj
 .debug_frame   0x000002b8       0x5c CMakeFiles/ST-HLC.elf.dir/Core/Src/tim.c.obj
 .debug_frame   0x00000314      0x20c CMakeFiles/ST-HLC.elf.dir/Drivers/STM32G0xx_HAL_Driver/Src/stm32g0xx_hal.c.obj
 .debug_frame   0x00000520      0x2a8 CMakeFiles/ST-HLC.elf.dir/Drivers/STM32G0xx_HAL_Driver/Src/stm32g0xx_hal_adc.c.obj
 .debug_frame   0x000007c8      0x114 CMakeFiles/ST-HLC.elf.dir/Drivers/STM32G0xx_HAL_Driver/Src/stm32g0xx_hal_cortex.c.obj
 .debug_frame   0x000008dc       0xd0 CMakeFiles/ST-HLC.elf.dir/Drivers/STM32G0xx_HAL_Driver/Src/stm32g0xx_hal_gpio.c.obj
 .debug_frame   0x000009ac      0x120 CMakeFiles/ST-HLC.elf.dir/Drivers/STM32G0xx_HAL_Driver/Src/stm32g0xx_hal_pwr_ex.c.obj
 .debug_frame   0x00000acc      0x16c CMakeFiles/ST-HLC.elf.dir/Drivers/STM32G0xx_HAL_Driver/Src/stm32g0xx_hal_rcc.c.obj
 .debug_frame   0x00000c38      0xb18 CMakeFiles/ST-HLC.elf.dir/Drivers/STM32G0xx_HAL_Driver/Src/stm32g0xx_hal_tim.c.obj
 .debug_frame   0x00001750      0x4c0 CMakeFiles/ST-HLC.elf.dir/Drivers/STM32G0xx_HAL_Driver/Src/stm32g0xx_hal_tim_ex.c.obj
 .debug_frame   0x00001c10       0x20 c:/progra~1/stmicr~1/gcc-ar~1/bin/../lib/gcc/arm-none-eabi/10.3.1/thumb/v6-m/nofp\libgcc.a(_udivsi3.o)
 .debug_frame   0x00001c30       0x2c c:/progra~1/stmicr~1/gcc-ar~1/bin/../lib/gcc/arm-none-eabi/10.3.1/../../../../arm-none-eabi/lib/thumb/v6-m/nofp\libg.a(lib_a-init.o)
 .debug_frame   0x00001c5c       0x30 c:/progra~1/stmicr~1/gcc-ar~1/bin/../lib/gcc/arm-none-eabi/10.3.1/../../../../arm-none-eabi/lib/thumb/v6-m/nofp\libg.a(lib_a-memset.o)
 .debug_frame   0x00001c8c       0x54 c:/progra~1/stmicr~1/gcc-ar~1/bin/../lib/gcc/arm-none-eabi/10.3.1/../../../../arm-none-eabi/lib/thumb/v6-m/nofp\libg.a(lib_a-__call_atexit.o)
 .debug_frame   0x00001ce0       0x28 c:/progra~1/stmicr~1/gcc-ar~1/bin/../lib/gcc/arm-none-eabi/10.3.1/../../../../arm-none-eabi/lib/thumb/v6-m/nofp\libg.a(lib_a-atexit.o)
 .debug_frame   0x00001d08       0x2c c:/progra~1/stmicr~1/gcc-ar~1/bin/../lib/gcc/arm-none-eabi/10.3.1/../../../../arm-none-eabi/lib/thumb/v6-m/nofp\libg.a(lib_a-fini.o)
 .debug_frame   0x00001d34       0xb0 c:/progra~1/stmicr~1/gcc-ar~1/bin/../lib/gcc/arm-none-eabi/10.3.1/../../../../arm-none-eabi/lib/thumb/v6-m/nofp\libg.a(lib_a-lock.o)
 .debug_frame   0x00001de4       0x3c c:/progra~1/stmicr~1/gcc-ar~1/bin/../lib/gcc/arm-none-eabi/10.3.1/../../../../arm-none-eabi/lib/thumb/v6-m/nofp\libg.a(lib_a-__atexit.o)
